// Vitest Snapshot v1

exports[`Parser class > should have a stable parsing 1`] = `
{
  "blocks": [
    {
      "basePointX": 0,
      "basePointY": 0,
      "basePointZ": 0,
      "entities": {
        "arcs": [],
        "circles": [],
        "ellipses": [],
        "face3ds": [],
        "inserts": [],
        "lines": [],
        "lwPolylines": [],
        "points": [],
        "polylines": [],
        "solid3ds": [],
        "solids": [],
        "splines": [],
        "texts": [],
      },
      "handle": "20",
      "layerName": "0",
      "name": "*Model_Space",
      "name2": "*Model_Space",
      "ownerBlockRecordHandle": "1F",
      "subclassMarker": [
        "AcDbEntity",
        "AcDbBlockBegin",
      ],
      "typeFlags": 0,
      "xRefPathName": "",
    },
    {
      "basePointX": 0,
      "basePointY": 0,
      "basePointZ": 0,
      "entities": {
        "arcs": [],
        "circles": [],
        "ellipses": [],
        "face3ds": [],
        "inserts": [],
        "lines": [],
        "lwPolylines": [],
        "points": [],
        "polylines": [],
        "solid3ds": [],
        "solids": [],
        "splines": [],
        "texts": [],
      },
      "handle": "D4",
      "inPaperSpace": 1,
      "layerName": "0",
      "name": "*Paper_Space",
      "name2": "*Paper_Space",
      "ownerBlockRecordHandle": "D2",
      "subclassMarker": [
        "AcDbEntity",
        "AcDbBlockBegin",
      ],
      "typeFlags": 0,
      "xRefPathName": "",
    },
    {
      "basePointX": 0,
      "basePointY": 0,
      "basePointZ": 0,
      "entities": {
        "arcs": [],
        "circles": [],
        "ellipses": [],
        "face3ds": [],
        "inserts": [],
        "lines": [],
        "lwPolylines": [],
        "points": [],
        "polylines": [],
        "solid3ds": [],
        "solids": [],
        "splines": [],
        "texts": [],
      },
      "handle": "D8",
      "inPaperSpace": 1,
      "layerName": "0",
      "name": "*Paper_Space0",
      "name2": "*Paper_Space0",
      "ownerBlockRecordHandle": "D6",
      "subclassMarker": [
        "AcDbEntity",
        "AcDbBlockBegin",
      ],
      "typeFlags": 0,
      "xRefPathName": "",
    },
    {
      "basePointX": 0,
      "basePointY": 0,
      "basePointZ": 0,
      "entities": {
        "arcs": [],
        "circles": [],
        "ellipses": [],
        "face3ds": [],
        "inserts": [],
        "lines": [
          {
            "colorNumber": 0,
            "endX": 0,
            "endY": 0,
            "endZ": 0,
            "handle": "234",
            "layerName": "0",
            "linetypeName": "ByBlock",
            "lineweightEnumValue": -2,
            "ownerBlockRecordHandle": "233",
            "startX": -1,
            "startY": 0.1666666666666666,
            "startZ": 0,
            "subclassMarker": [
              "AcDbEntity",
              "AcDbLine",
            ],
          },
          {
            "colorNumber": 0,
            "endX": -1,
            "endY": -0.1666666666666666,
            "endZ": 0,
            "handle": "235",
            "layerName": "0",
            "linetypeName": "ByBlock",
            "lineweightEnumValue": -2,
            "ownerBlockRecordHandle": "233",
            "startX": 0,
            "startY": 0,
            "startZ": 0,
            "subclassMarker": [
              "AcDbEntity",
              "AcDbLine",
            ],
          },
          {
            "colorNumber": 0,
            "endX": -1,
            "endY": -0.1666666666666666,
            "endZ": 0,
            "handle": "236",
            "layerName": "0",
            "linetypeName": "ByBlock",
            "lineweightEnumValue": -2,
            "ownerBlockRecordHandle": "233",
            "startX": -1,
            "startY": 0.1666666666666666,
            "startZ": 0,
            "subclassMarker": [
              "AcDbEntity",
              "AcDbLine",
            ],
          },
        ],
        "lwPolylines": [],
        "points": [],
        "polylines": [],
        "solid3ds": [],
        "solids": [],
        "splines": [],
        "texts": [],
      },
      "handle": "237",
      "layerName": "0",
      "name": "_ClosedBlank",
      "name2": "_ClosedBlank",
      "ownerBlockRecordHandle": "233",
      "subclassMarker": [
        "AcDbEntity",
        "AcDbBlockBegin",
      ],
      "typeFlags": 0,
      "xRefPathName": "",
    },
  ],
  "classes": [
    {
      "applicationName": "ObjectDBX Classes",
      "className": "AcDbDictionaryWithDefault",
      "instanceCount": 1,
      "isEntityFlag": 0,
      "proxyFlag": 0,
      "recordName": "ACDBDICTIONARYWDFLT",
      "wasProxyFlag": 0,
    },
    {
      "applicationName": "ObjectDBX Classes",
      "className": "AcDbDictionaryVar",
      "instanceCount": 10,
      "isEntityFlag": 0,
      "proxyFlag": 0,
      "recordName": "DICTIONARYVAR",
      "wasProxyFlag": 0,
    },
    {
      "applicationName": "ObjectDBX Classes",
      "className": "AcDbTableStyle",
      "instanceCount": 1,
      "isEntityFlag": 0,
      "proxyFlag": 4095,
      "recordName": "TABLESTYLE",
      "wasProxyFlag": 0,
    },
    {
      "applicationName": "ObjectDBX Classes",
      "className": "AcDbMaterial",
      "instanceCount": 3,
      "isEntityFlag": 0,
      "proxyFlag": 1153,
      "recordName": "MATERIAL",
      "wasProxyFlag": 0,
    },
    {
      "applicationName": "ObjectDBX Classes",
      "className": "AcDbVisualStyle",
      "instanceCount": 24,
      "isEntityFlag": 0,
      "proxyFlag": 4095,
      "recordName": "VISUALSTYLE",
      "wasProxyFlag": 0,
    },
    {
      "applicationName": "ObjectDBX Classes",
      "className": "AcDbScale",
      "instanceCount": 17,
      "isEntityFlag": 0,
      "proxyFlag": 1153,
      "recordName": "SCALE",
      "wasProxyFlag": 0,
    },
    {
      "applicationName": "ACDB_MLEADERSTYLE_CLASS",
      "className": "AcDbMLeaderStyle",
      "instanceCount": 2,
      "isEntityFlag": 0,
      "proxyFlag": 4095,
      "recordName": "MLEADERSTYLE",
      "wasProxyFlag": 0,
    },
    {
      "applicationName": "ObjectDBX Classes",
      "className": "AcDbCellStyleMap",
      "instanceCount": 1,
      "isEntityFlag": 0,
      "proxyFlag": 1152,
      "recordName": "CELLSTYLEMAP",
      "wasProxyFlag": 0,
    },
    {
      "applicationName": "EXAC_ESW",
      "className": "ExAcXREFPanelObject",
      "instanceCount": 1,
      "isEntityFlag": 0,
      "proxyFlag": 1025,
      "recordName": "EXACXREFPANELOBJECT",
      "wasProxyFlag": 0,
    },
    {
      "applicationName": "ObjectDBX Classes",
      "className": "AcDbImpNonPersistentObjectsCollection",
      "instanceCount": 1,
      "isEntityFlag": 0,
      "proxyFlag": 1153,
      "recordName": "NPOCOLLECTION",
      "wasProxyFlag": 0,
    },
    {
      "applicationName": "ObjectDBX Classes",
      "className": "AcDbLayerIndex",
      "instanceCount": 0,
      "isEntityFlag": 0,
      "proxyFlag": 0,
      "recordName": "LAYER_INDEX",
      "wasProxyFlag": 0,
    },
    {
      "applicationName": "ObjectDBX Classes",
      "className": "AcDbSpatialIndex",
      "instanceCount": 0,
      "isEntityFlag": 0,
      "proxyFlag": 0,
      "recordName": "SPATIAL_INDEX",
      "wasProxyFlag": 0,
    },
    {
      "applicationName": "ObjectDBX Classes",
      "className": "AcDbIdBuffer",
      "instanceCount": 0,
      "isEntityFlag": 0,
      "proxyFlag": 0,
      "recordName": "IDBUFFER",
      "wasProxyFlag": 0,
    },
    {
      "applicationName": "ObjectDBX Classes",
      "className": "AcDbSectionViewStyle",
      "instanceCount": 1,
      "isEntityFlag": 0,
      "proxyFlag": 1025,
      "recordName": "ACDBSECTIONVIEWSTYLE",
      "wasProxyFlag": 0,
    },
    {
      "applicationName": "ObjectDBX Classes",
      "className": "AcDbDetailViewStyle",
      "instanceCount": 1,
      "isEntityFlag": 0,
      "proxyFlag": 1025,
      "recordName": "ACDBDETAILVIEWSTYLE",
      "wasProxyFlag": 0,
    },
  ],
  "entities": {
    "arcs": [],
    "circles": [],
    "ellipses": [],
    "face3ds": [],
    "inserts": [],
    "lines": [],
    "lwPolylines": [],
    "points": [],
    "polylines": [],
    "solid3ds": [],
    "solids": [],
    "splines": [],
    "texts": [],
  },
  "header": {
    "$3DDWFPREC": 2,
    "$ACADMAINTVER": 50,
    "$ACADVER": "AC1021",
    "$ANGBASE": 0,
    "$ANGDIR": 0,
    "$ATTMODE": 1,
    "$AUNITS": 0,
    "$AUPREC": 0,
    "$CAMERADISPLAY": false,
    "$CAMERAHEIGHT": 0,
    "$CECOLOR": 256,
    "$CELTSCALE": 1,
    "$CELTYPE": "ByLayer",
    "$CELWEIGHT": -1,
    "$CEPSNTYPE": 0,
    "$CHAMFERA": 0,
    "$CHAMFERB": 0,
    "$CHAMFERC": 0,
    "$CHAMFERD": 0,
    "$CLAYER": "0",
    "$CMATERIAL": "EC",
    "$CMLJUST": 0,
    "$CMLSCALE": 20,
    "$CMLSTYLE": "Standard",
    "$CSHADOW": 0,
    "$DGNFRAME": 0,
    "$DIMADEC": 0,
    "$DIMALT": 0,
    "$DIMALTD": 2,
    "$DIMALTF": 25.4,
    "$DIMALTRND": 0,
    "$DIMALTTD": 2,
    "$DIMALTTZ": 0,
    "$DIMALTU": 2,
    "$DIMALTZ": 0,
    "$DIMAPOST": "",
    "$DIMARCSYM": 0,
    "$DIMASO": 1,
    "$DIMASSOC": 2,
    "$DIMASZ": 0.18,
    "$DIMATFIT": 3,
    "$DIMAUNIT": 0,
    "$DIMAZIN": 0,
    "$DIMBLK": "ClosedBlank",
    "$DIMBLK1": "",
    "$DIMBLK2": "",
    "$DIMCEN": -0.09,
    "$DIMCLRD": 256,
    "$DIMCLRE": 256,
    "$DIMCLRT": 256,
    "$DIMDEC": 2,
    "$DIMDLE": 0,
    "$DIMDLI": 0.4,
    "$DIMDSEP": 46,
    "$DIMEXE": 0.18,
    "$DIMEXO": 0.0625,
    "$DIMFRAC": 0,
    "$DIMFXL": 1,
    "$DIMFXLON": 0,
    "$DIMGAP": 0.09,
    "$DIMJOGANG": 0.7853981633974483,
    "$DIMJUST": 0,
    "$DIMLDRBLK": "ClosedBlank",
    "$DIMLFAC": 1,
    "$DIMLIM": 0,
    "$DIMLTEX1": "ByLayer",
    "$DIMLTEX2": "ByLayer",
    "$DIMLTYPE": "ByLayer",
    "$DIMLUNIT": 2,
    "$DIMLWD": -1,
    "$DIMLWE": -1,
    "$DIMPOST": "",
    "$DIMRND": 0,
    "$DIMSAH": 0,
    "$DIMSCALE": 1,
    "$DIMSD1": 0,
    "$DIMSD2": 0,
    "$DIMSE1": 0,
    "$DIMSE2": 0,
    "$DIMSHO": 1,
    "$DIMSOXD": 0,
    "$DIMSTYLE": "TEST DIMSTYLE",
    "$DIMTAD": 0,
    "$DIMTDEC": 2,
    "$DIMTFAC": 1,
    "$DIMTFILL": 0,
    "$DIMTFILLCLR": 1,
    "$DIMTIH": 0,
    "$DIMTIX": 0,
    "$DIMTM": 0,
    "$DIMTMOVE": 0,
    "$DIMTOFL": 0,
    "$DIMTOH": 1,
    "$DIMTOL": 0,
    "$DIMTOLJ": 1,
    "$DIMTP": 0,
    "$DIMTSZ": 0,
    "$DIMTVP": 0,
    "$DIMTXSTY": "Standard",
    "$DIMTXT": 0.18,
    "$DIMTZIN": 0,
    "$DIMUPT": 0,
    "$DIMZIN": 0,
    "$DISPSILH": 0,
    "$DWFFRAME": 2,
    "$DWGCODEPAGE": "ANSI_1252",
    "$ELEVATION": 0,
    "$ENDCAPS": 0,
    "$EXTMAX": {
      "x": -100000000000000000000,
      "y": -100000000000000000000,
      "z": -100000000000000000000,
    },
    "$EXTMIN": {
      "x": 100000000000000000000,
      "y": 100000000000000000000,
      "z": 100000000000000000000,
    },
    "$EXTNAMES": true,
    "$FILLETRAD": 0,
    "$FILLMODE": 1,
    "$FINGERPRINTGUID": "{AADD09F4-9321-4151-BB48-BADAC1655767}",
    "$HALOGAP": 0,
    "$HANDSEED": "275",
    "$HIDETEXT": 1,
    "$HYPERLINKBASE": "",
    "$INDEXCTL": 0,
    "$INSBASE": {
      "x": 0,
      "y": 0,
      "z": 0,
    },
    "$INSUNITS": 4,
    "$INTERFERECOLOR": 1,
    "$INTERFEREOBJVS": "F9",
    "$INTERFEREVPVS": "F6",
    "$INTERSECTIONCOLOR": 257,
    "$INTERSECTIONDISPLAY": 0,
    "$JOINSTYLE": 0,
    "$LASTSAVEDBY": "tarik",
    "$LATITUDE": 37.795,
    "$LENSLENGTH": 50,
    "$LIGHTGLYPHDISPLAY": 1,
    "$LIMCHECK": 0,
    "$LIMMAX": {
      "x": 420,
      "y": 297,
    },
    "$LIMMIN": {
      "x": 0,
      "y": 0,
    },
    "$LOFTANG1": 1.570796326794896,
    "$LOFTANG2": 1.570796326794896,
    "$LOFTMAG1": 0,
    "$LOFTMAG2": 0,
    "$LOFTNORMALS": 1,
    "$LOFTPARAM": 7,
    "$LONGITUDE": -122.394,
    "$LTSCALE": 1,
    "$LUNITS": 2,
    "$LUPREC": 4,
    "$LWDISPLAY": false,
    "$MAXACTVP": 64,
    "$MEASUREMENT": 1,
    "$MENU": ".",
    "$MIRRTEXT": 0,
    "$NORTHDIRECTION": 0,
    "$OBSCOLOR": 257,
    "$OBSLTYPE": 0,
    "$OLESTARTUP": false,
    "$ORTHOMODE": 0,
    "$PDMODE": 0,
    "$PDSIZE": 0,
    "$PELEVATION": 0,
    "$PEXTMAX": {
      "x": 0,
      "y": 0,
      "z": 0,
    },
    "$PEXTMIN": {
      "x": 0,
      "y": 0,
      "z": 0,
    },
    "$PINSBASE": {
      "x": 0,
      "y": 0,
      "z": 0,
    },
    "$PLIMCHECK": 0,
    "$PLIMMAX": {
      "x": 12,
      "y": 9,
    },
    "$PLIMMIN": {
      "x": 0,
      "y": 0,
    },
    "$PLINEGEN": 0,
    "$PLINEWID": 0,
    "$PROJECTNAME": "",
    "$PROXYGRAPHICS": 1,
    "$PSLTSCALE": 1,
    "$PSOLHEIGHT": 80,
    "$PSOLWIDTH": 5,
    "$PSTYLEMODE": true,
    "$PSVPSCALE": 0,
    "$PUCSBASE": "",
    "$PUCSNAME": "",
    "$PUCSORG": {
      "x": 0,
      "y": 0,
      "z": 0,
    },
    "$PUCSORGBACK": {
      "x": 0,
      "y": 0,
      "z": 0,
    },
    "$PUCSORGBOTTOM": {
      "x": 0,
      "y": 0,
      "z": 0,
    },
    "$PUCSORGFRONT": {
      "x": 0,
      "y": 0,
      "z": 0,
    },
    "$PUCSORGLEFT": {
      "x": 0,
      "y": 0,
      "z": 0,
    },
    "$PUCSORGRIGHT": {
      "x": 0,
      "y": 0,
      "z": 0,
    },
    "$PUCSORGTOP": {
      "x": 0,
      "y": 0,
      "z": 0,
    },
    "$PUCSORTHOREF": "",
    "$PUCSORTHOVIEW": 0,
    "$PUCSXDIR": {
      "x": 1,
      "y": 0,
      "z": 0,
    },
    "$PUCSYDIR": {
      "x": 0,
      "y": 1,
      "z": 0,
    },
    "$QTEXTMODE": 0,
    "$REALWORLDSCALE": true,
    "$REGENMODE": 1,
    "$SHADEDGE": 3,
    "$SHADEDIF": 70,
    "$SHADOWPLANELOCATION": 0,
    "$SHOWHIST": 1,
    "$SKETCHINC": 1,
    "$SKPOLY": 0,
    "$SOLIDHIST": 0,
    "$SORTENTS": 127,
    "$SPLFRAME": 0,
    "$SPLINESEGS": 8,
    "$SPLINETYPE": 6,
    "$STEPSIZE": 6,
    "$STEPSPERSEC": 2,
    "$STYLESHEET": "",
    "$SURFTAB1": 6,
    "$SURFTAB2": 6,
    "$SURFTYPE": 6,
    "$SURFU": 6,
    "$SURFV": 6,
    "$TDCREATE": 2459756.550166042,
    "$TDINDWG": 0.0023324074,
    "$TDUCREATE": 2459756.508499375,
    "$TDUPDATE": 2459756.552489885,
    "$TDUSRTIMER": 0.0023275579,
    "$TDUUPDATE": 2459756.510823218,
    "$TEXTSIZE": 2.5,
    "$TEXTSTYLE": "Standard",
    "$THICKNESS": 0,
    "$TILEMODE": 1,
    "$TILEMODELIGHTSYNCH": 1,
    "$TIMEZONE": -8000,
    "$TRACEWID": 1,
    "$TREEDEPTH": 3020,
    "$UCSBASE": "",
    "$UCSNAME": "",
    "$UCSORG": {
      "x": 0,
      "y": 0,
      "z": 0,
    },
    "$UCSORGBACK": {
      "x": 0,
      "y": 0,
      "z": 0,
    },
    "$UCSORGBOTTOM": {
      "x": 0,
      "y": 0,
      "z": 0,
    },
    "$UCSORGFRONT": {
      "x": 0,
      "y": 0,
      "z": 0,
    },
    "$UCSORGLEFT": {
      "x": 0,
      "y": 0,
      "z": 0,
    },
    "$UCSORGRIGHT": {
      "x": 0,
      "y": 0,
      "z": 0,
    },
    "$UCSORGTOP": {
      "x": 0,
      "y": 0,
      "z": 0,
    },
    "$UCSORTHOREF": "",
    "$UCSORTHOVIEW": 0,
    "$UCSXDIR": {
      "x": 1,
      "y": 0,
      "z": 0,
    },
    "$UCSYDIR": {
      "x": 0,
      "y": 1,
      "z": 0,
    },
    "$UNITMODE": 0,
    "$USERI1": 0,
    "$USERI2": 0,
    "$USERI3": 0,
    "$USERI4": 0,
    "$USERI5": 0,
    "$USERR1": 0,
    "$USERR2": 0,
    "$USERR3": 0,
    "$USERR4": 0,
    "$USERR5": 0,
    "$USRTIMER": 1,
    "$VERSIONGUID": "{79B6C243-207C-488B-85F2-A0765DDB4852}",
    "$VISRETAIN": 1,
    "$WORLDVIEW": 1,
    "$XCLIPFRAME": false,
    "$XEDIT": true,
  },
  "tables": {
    "appId": {
      "handle": "9",
      "numberOfRecords": 9,
      "ownerObjectHandle": "0",
      "records": [
        {
          "flags": 0,
          "handle": "12",
          "name": "ACAD",
          "ownerObjectHandle": "9",
          "subclassMarker": [
            "AcDbSymbolTableRecord",
            "AcDbRegAppTableRecord",
          ],
        },
        {
          "flags": 0,
          "handle": "9E",
          "name": "ACAD_PSEXT",
          "ownerObjectHandle": "9",
          "subclassMarker": [
            "AcDbSymbolTableRecord",
            "AcDbRegAppTableRecord",
          ],
        },
        {
          "flags": 0,
          "handle": "133",
          "name": "AcadAnnoPO",
          "ownerObjectHandle": "9",
          "subclassMarker": [
            "AcDbSymbolTableRecord",
            "AcDbRegAppTableRecord",
          ],
        },
        {
          "flags": 0,
          "handle": "134",
          "name": "AcadAnnotative",
          "ownerObjectHandle": "9",
          "subclassMarker": [
            "AcDbSymbolTableRecord",
            "AcDbRegAppTableRecord",
          ],
        },
        {
          "flags": 0,
          "handle": "135",
          "name": "ACAD_DSTYLE_DIMJAG",
          "ownerObjectHandle": "9",
          "subclassMarker": [
            "AcDbSymbolTableRecord",
            "AcDbRegAppTableRecord",
          ],
        },
        {
          "flags": 0,
          "handle": "136",
          "name": "ACAD_DSTYLE_DIMTALN",
          "ownerObjectHandle": "9",
          "subclassMarker": [
            "AcDbSymbolTableRecord",
            "AcDbRegAppTableRecord",
          ],
        },
        {
          "flags": 0,
          "handle": "165",
          "name": "ACAD_MLEADERVER",
          "ownerObjectHandle": "9",
          "subclassMarker": [
            "AcDbSymbolTableRecord",
            "AcDbRegAppTableRecord",
          ],
        },
        {
          "flags": 0,
          "handle": "217",
          "name": "ACAD_NAV_VCDISPLAY",
          "ownerObjectHandle": "9",
          "subclassMarker": [
            "AcDbSymbolTableRecord",
            "AcDbRegAppTableRecord",
          ],
        },
        {
          "flags": 0,
          "handle": "232",
          "name": "ACAD_DSTYLE_DIMBREAK",
          "ownerObjectHandle": "9",
          "subclassMarker": [
            "AcDbSymbolTableRecord",
            "AcDbRegAppTableRecord",
          ],
        },
      ],
      "subclassMarker": "AcDbSymbolTable",
    },
    "blockRecord": {
      "ACAD_XDICTIONARY": {
        "ownerDictionariesHandle": [
          "1CE",
        ],
      },
      "handle": "1",
      "numberOfRecords": 2,
      "ownerObjectHandle": "0",
      "records": [
        {
          "explodability": 1,
          "handle": "1F",
          "insertionUnits": 0,
          "layoutObject": "22",
          "name": "*Model_Space",
          "ownerObjectHandle": "1",
          "scalability": 0,
          "subclassMarker": [
            "AcDbSymbolTableRecord",
            "AcDbBlockTableRecord",
          ],
        },
        {
          "explodability": 1,
          "handle": "D2",
          "insertionUnits": 0,
          "layoutObject": "D3",
          "name": "*Paper_Space",
          "ownerObjectHandle": "1",
          "scalability": 0,
          "subclassMarker": [
            "AcDbSymbolTableRecord",
            "AcDbBlockTableRecord",
          ],
        },
        {
          "explodability": 1,
          "handle": "D6",
          "insertionUnits": 0,
          "layoutObject": "D7",
          "name": "*Paper_Space0",
          "ownerObjectHandle": "1",
          "scalability": 0,
          "subclassMarker": [
            "AcDbSymbolTableRecord",
            "AcDbBlockTableRecord",
          ],
        },
        {
          "explodability": 1,
          "handle": "233",
          "insertionUnits": 0,
          "layoutObject": "0",
          "name": "_ClosedBlank",
          "ownerObjectHandle": "1",
          "scalability": 0,
          "subclassMarker": [
            "AcDbSymbolTableRecord",
            "AcDbBlockTableRecord",
          ],
        },
      ],
      "subclassMarker": "AcDbSymbolTable",
    },
    "dimStyle": {
      "handle": "A",
      "numberOfRecords": 4,
      "ownerObjectHandle": "0",
      "records": [
        {
          "DIMTXSTY": "11",
          "flags": 0,
          "handle": "1B0",
          "name": "Standard",
          "ownerObjectHandle": "A",
          "subclassMarker": [
            "AcDbSymbolTableRecord",
            "AcDbDimStyleTableRecord",
          ],
        },
        {
          "DIMALTD": 3,
          "DIMALTF": 0.03937007874016,
          "DIMALTTD": 3,
          "DIMASZ": 2.5,
          "DIMCEN": 2.5,
          "DIMDEC": 2,
          "DIMDLI": 3.75,
          "DIMDSEP": 44,
          "DIMEXE": 1.25,
          "DIMEXO": 0.625,
          "DIMGAP": 0.625,
          "DIMSCALE": 0,
          "DIMTAD": 1,
          "DIMTDEC": 2,
          "DIMTIH": 0,
          "DIMTOFL": 1,
          "DIMTOH": 0,
          "DIMTOLJ": 0,
          "DIMTXSTY": "11",
          "DIMTXT": 2.5,
          "DIMTZIN": 8,
          "DIMZIN": 8,
          "flags": 0,
          "handle": "137",
          "name": "Annotatif",
          "ownerObjectHandle": "A",
          "subclassMarker": [
            "AcDbSymbolTableRecord",
            "AcDbDimStyleTableRecord",
          ],
          "unknowns": [
            {
              "code": 1001,
              "line": 1997,
              "value": "AcadAnnotative",
            },
            {
              "code": 1000,
              "line": 1999,
              "value": "AnnotativeData",
            },
            {
              "code": 1002,
              "line": 2001,
              "value": "{",
            },
            {
              "code": 1070,
              "line": 2003,
              "value": "1",
            },
            {
              "code": 1070,
              "line": 2005,
              "value": "1",
            },
            {
              "code": 1002,
              "line": 2007,
              "value": "}",
            },
            {
              "code": 1001,
              "line": 2009,
              "value": "ACAD_DSTYLE_DIMJAG",
            },
            {
              "code": 1070,
              "line": 2011,
              "value": "388",
            },
            {
              "code": 1040,
              "line": 2013,
              "value": "1.5",
            },
            {
              "code": 1001,
              "line": 2015,
              "value": "ACAD_DSTYLE_DIMTALN",
            },
            {
              "code": 1070,
              "line": 2017,
              "value": "392",
            },
            {
              "code": 1070,
              "line": 2019,
              "value": "0",
            },
          ],
        },
        {
          "DIMALTD": 3,
          "DIMALTF": 0.03937007874016,
          "DIMALTTD": 3,
          "DIMASZ": 2.5,
          "DIMCEN": 2.5,
          "DIMDEC": 2,
          "DIMDLI": 3.75,
          "DIMDSEP": 44,
          "DIMEXE": 1.25,
          "DIMEXO": 0.625,
          "DIMGAP": 0.625,
          "DIMTAD": 1,
          "DIMTDEC": 2,
          "DIMTIH": 0,
          "DIMTOFL": 1,
          "DIMTOH": 0,
          "DIMTOLJ": 0,
          "DIMTXSTY": "11",
          "DIMTXT": 2.5,
          "DIMTZIN": 8,
          "DIMZIN": 8,
          "flags": 0,
          "handle": "27",
          "name": "ISO-25",
          "ownerObjectHandle": "A",
          "subclassMarker": [
            "AcDbSymbolTableRecord",
            "AcDbDimStyleTableRecord",
          ],
        },
        {
          "DIMBLK": "233",
          "DIMCEN": -0.09,
          "DIMCLRD": 256,
          "DIMCLRE": 256,
          "DIMCLRT": 256,
          "DIMDEC": 2,
          "DIMDLI": 0.4,
          "DIMLDRBLK": "233",
          "DIMLWD": -1,
          "DIMLWE": -1,
          "DIMTDEC": 2,
          "DIMTIH": 0,
          "DIMTXSTY": "11",
          "flags": 1,
          "handle": "239",
          "name": "TEST DIMSTYLE",
          "ownerObjectHandle": "A",
          "subclassMarker": [
            "AcDbSymbolTableRecord",
            "AcDbDimStyleTableRecord",
          ],
          "unknowns": [
            {
              "code": 345,
              "line": 2115,
              "value": "15",
            },
            {
              "code": 346,
              "line": 2117,
              "value": "15",
            },
            {
              "code": 347,
              "line": 2119,
              "value": "15",
            },
            {
              "code": 1001,
              "line": 2125,
              "value": "ACAD_DSTYLE_DIMBREAK",
            },
            {
              "code": 1070,
              "line": 2127,
              "value": "391",
            },
            {
              "code": 1040,
              "line": 2129,
              "value": "3.75",
            },
            {
              "code": 1001,
              "line": 2131,
              "value": "ACAD_DSTYLE_DIMJAG",
            },
            {
              "code": 1070,
              "line": 2133,
              "value": "388",
            },
            {
              "code": 1040,
              "line": 2135,
              "value": "1.5",
            },
            {
              "code": 1001,
              "line": 2137,
              "value": "ACAD_DSTYLE_DIMTALN",
            },
            {
              "code": 1070,
              "line": 2139,
              "value": "392",
            },
            {
              "code": 1070,
              "line": 2141,
              "value": "0",
            },
          ],
        },
      ],
      "subclassMarker": [
        "AcDbSymbolTable",
        "AcDbDimStyleTable",
      ],
      "unknowns": [
        {
          "code": 71,
          "line": 1913,
          "value": "4",
        },
        {
          "code": 340,
          "line": 1915,
          "value": "239",
        },
        {
          "code": 340,
          "line": 1917,
          "value": "1B0",
        },
        {
          "code": 340,
          "line": 1919,
          "value": "27",
        },
        {
          "code": 340,
          "line": 1921,
          "value": "137",
        },
      ],
    },
    "lType": {
      "handle": "5",
      "numberOfRecords": 1,
      "ownerObjectHandle": "0",
      "records": [
        {
          "alignmentCode": 65,
          "descriptive": "",
          "flags": 0,
          "handle": "14",
          "name": "ByBlock",
          "numberOfElements": 0,
          "ownerObjectHandle": "5",
          "patternLength": 0,
          "subclassMarker": [
            "AcDbSymbolTableRecord",
            "AcDbLinetypeTableRecord",
          ],
        },
        {
          "alignmentCode": 65,
          "descriptive": "",
          "flags": 0,
          "handle": "15",
          "name": "ByLayer",
          "numberOfElements": 0,
          "ownerObjectHandle": "5",
          "patternLength": 0,
          "subclassMarker": [
            "AcDbSymbolTableRecord",
            "AcDbLinetypeTableRecord",
          ],
        },
        {
          "alignmentCode": 65,
          "descriptive": "Solid line",
          "flags": 0,
          "handle": "16",
          "name": "Continuous",
          "numberOfElements": 0,
          "ownerObjectHandle": "5",
          "patternLength": 0,
          "subclassMarker": [
            "AcDbSymbolTableRecord",
            "AcDbLinetypeTableRecord",
          ],
        },
      ],
      "subclassMarker": "AcDbSymbolTable",
    },
    "layer": {
      "ACAD_XDICTIONARY": {
        "ownerDictionariesHandle": [
          "13C",
        ],
      },
      "handle": "2",
      "numberOfRecords": 1,
      "ownerObjectHandle": "0",
      "records": [
        {
          "color": 7,
          "flags": 0,
          "handle": "10",
          "lineType": "Continuous",
          "lineweight": -3,
          "materialObject": "EE",
          "name": "0",
          "ownerObjectHandle": "2",
          "plotStyleNameObject": "F",
          "subclassMarker": [
            "AcDbSymbolTableRecord",
            "AcDbLayerTableRecord",
          ],
        },
      ],
      "subclassMarker": "AcDbSymbolTable",
    },
    "style": {
      "handle": "3",
      "numberOfRecords": 2,
      "ownerObjectHandle": "0",
      "records": [
        {
          "bigFontFile": "",
          "flags": 0,
          "handle": "11",
          "lastHeight": 2.5,
          "name": "Standard",
          "obliqueAngle": 0,
          "ownerObjectHandle": "3",
          "primaryFontFile": "arial.ttf",
          "subclassMarker": [
            "AcDbSymbolTableRecord",
            "AcDbTextStyleTableRecord",
          ],
          "textGenerationFlags": 0,
          "textHeight": 0,
          "trueTypeFont": 34,
          "unknowns": [
            {
              "code": 1001,
              "line": 1677,
              "value": "ACAD",
            },
            {
              "code": 1000,
              "line": 1679,
              "value": "Arial",
            },
          ],
          "widthFactor": 1,
        },
        {
          "bigFontFile": "",
          "flags": 0,
          "handle": "132",
          "lastHeight": 2.5,
          "name": "Annotatif",
          "obliqueAngle": 0,
          "ownerObjectHandle": "3",
          "primaryFontFile": "arial.ttf",
          "subclassMarker": [
            "AcDbSymbolTableRecord",
            "AcDbTextStyleTableRecord",
          ],
          "textGenerationFlags": 0,
          "textHeight": 0,
          "trueTypeFont": 34,
          "unknowns": [
            {
              "code": 1001,
              "line": 1711,
              "value": "AcadAnnotative",
            },
            {
              "code": 1000,
              "line": 1713,
              "value": "AnnotativeData",
            },
            {
              "code": 1002,
              "line": 1715,
              "value": "{",
            },
            {
              "code": 1070,
              "line": 1717,
              "value": "1",
            },
            {
              "code": 1070,
              "line": 1719,
              "value": "1",
            },
            {
              "code": 1002,
              "line": 1721,
              "value": "}",
            },
            {
              "code": 1001,
              "line": 1723,
              "value": "ACAD",
            },
            {
              "code": 1000,
              "line": 1725,
              "value": "Arial",
            },
          ],
          "widthFactor": 1,
        },
      ],
      "subclassMarker": "AcDbSymbolTable",
    },
  },
}
`;
